Luces.h:20:6:setLuces	16	static
Luces.h:37:5:getEstadoLuces	4	static
Luces.h:41:6:setUmbralLuces	16	static
Luces.h:45:5:getMediaLDR	4	static
Luces.h:49:6:medirLDR	16	static
Luces.h:73:6:luces	8	static
Toldo.h:17:6:setEstadoToldo	16	static
Toldo.h:31:6:cambiarEstadoToldo	16	static
Toldo.h:49:5:getEstadoToldo	4	static
Humidificador.h:24:6:setEstadoHumidificador	16	static
Humidificador.h:41:5:getEstadoHumidificado	4	static
Humidificador.h:45:6:setTemperaturaReferencia	16	static
Humidificador.h:49:6:Humidificador	8	static
Humidificador.h:64:6:delay	16	static
Humidificador.h:69:6:Set_Pin_Output	40	static
Humidificador.h:77:6:Set_Pin_Input	40	static
Humidificador.h:91:6:DHT11_Start	8	static
Humidificador.h:101:9:DHT11_Check_Response	16	static
Humidificador.h:116:9:DHT11_Read	16	static
Humidificador.h:133:6:lectura_dht11	8	static
main.c:69:5:debouncer	24	static
main.c:96:6:HAL_GPIO_EXTI_Callback	16	static
main.c:141:5:main	8	static
main.c:256:6:SystemClock_Config	88	static
main.c:301:13:MX_ADC1_Init	24	static
main.c:351:13:MX_GPIO_Init	16	static
main.c:371:6:HAL_TIM_PeriodElapsedCallback	16	static
main.c:388:6:Error_Handler	4	static,ignoring_inline_asm
